=== 下载日志 - 2026年 02月 03日 星期二 15:04:58 CST ===
=== 下载日志 - 2026年 02月 03日 星期二 15:05:14 CST ===
=== 下载日志 - 2026年 02月 03日 星期二 15:06:25 CST ===
[2026年 02月 03日 星期二 15:06:26 CST] RETRY 1/3: /docs/zh-CN/margin_trading/account
[2026年 02月 03日 星期二 15:06:28 CST] RETRY 2/3: /docs/zh-CN/margin_trading/account
[2026年 02月 03日 星期二 15:06:30 CST] UPDATED: /docs/zh-CN/margin_trading/account/Adjust-Cross-Margin-Max-Leverage (0 -> 20354 bytes)
[2026年 02月 03日 星期二 15:06:31 CST] UNCHANGED: /docs/zh-CN/margin_trading/account/Disable-Isolated-Margin-Account
[2026年 02月 03日 星期二 15:06:31 CST] UNCHANGED: /docs/zh-CN/margin_trading/account/Enable-Isolated-Margin-Account
[2026年 02月 03日 星期二 15:06:32 CST] UNCHANGED: /docs/zh-CN/margin_trading/account/Get-BNB-Burn-Status
[2026年 02月 03日 星期二 15:06:32 CST] UNCHANGED: /docs/zh-CN/margin_trading/account/Get-Summary-Of-Margin-Account
[2026年 02月 03日 星期二 15:06:32 CST] UNCHANGED: /docs/zh-CN/margin_trading/account/Query-Cross-Isolated-Margin-Capital-Flow
[2026年 02月 03日 星期二 15:06:33 CST] UNCHANGED: /docs/zh-CN/margin_trading/account/Query-Cross-Margin-Account-Details
[2026年 02月 03日 星期二 15:06:33 CST] UNCHANGED: /docs/zh-CN/margin_trading/account/Query-Cross-Margin-Fee-Data
[2026年 02月 03日 星期二 15:06:34 CST] UNCHANGED: /docs/zh-CN/margin_trading/account/Query-Enabled-Isolated-Margin-Account-Limit
[2026年 02月 03日 星期二 15:06:34 CST] UNCHANGED: /docs/zh-CN/margin_trading/account/Query-Isolated-Margin-Account-Info
[2026年 02月 03日 星期二 15:06:34 CST] UNCHANGED: /docs/zh-CN/margin_trading/account/Query-Isolated-Margin-Fee-Data
[2026年 02月 03日 星期二 15:06:35 CST] UNCHANGED: /docs/zh-CN/margin_trading/best-practice
[2026年 02月 03日 星期二 15:06:36 CST] RETRY 1/3: /docs/zh-CN/margin_trading/borrow-and-repay
[2026年 02月 03日 星期二 15:06:38 CST] RETRY 2/3: /docs/zh-CN/margin_trading/borrow-and-repay
[2026年 02月 03日 星期二 15:06:40 CST] UPDATED: /docs/zh-CN/margin_trading/borrow-and-repay/Get-a-future-hourly-interest-rate (0 -> 22174 bytes)
[2026年 02月 03日 星期二 15:06:41 CST] UNCHANGED: /docs/zh-CN/margin_trading/borrow-and-repay/Get-Interest-History
[2026年 02月 03日 星期二 15:06:41 CST] UNCHANGED: /docs/zh-CN/margin_trading/borrow-and-repay/Margin-Account-Borrow-Repay
[2026年 02月 03日 星期二 15:06:41 CST] UNCHANGED: /docs/zh-CN/margin_trading/borrow-and-repay/Query-Borrow-Repay
[2026年 02月 03日 星期二 15:06:42 CST] UNCHANGED: /docs/zh-CN/margin_trading/borrow-and-repay/Query-Margin-Interest-Rate-History
[2026年 02月 03日 星期二 15:06:42 CST] UNCHANGED: /docs/zh-CN/margin_trading/borrow-and-repay/Query-Max-Borrow
[2026年 02月 03日 星期二 15:06:43 CST] UNCHANGED: /docs/zh-CN/margin_trading/change-log
[2026年 02月 03日 星期二 15:06:43 CST] UNCHANGED: /docs/zh-CN/margin_trading/common-definition
[2026年 02月 03日 星期二 15:06:44 CST] UNCHANGED: /docs/zh-CN/margin_trading/error-code
[2026年 02月 03日 星期二 15:06:44 CST] UNCHANGED: /docs/zh-CN/margin_trading/general-info
[2026年 02月 03日 星期二 15:06:45 CST] UNCHANGED: /docs/zh-CN/margin_trading/Introduction
[2026年 02月 03日 星期二 15:06:46 CST] RETRY 1/3: /docs/zh-CN/margin_trading/market-data
[2026年 02月 03日 星期二 15:06:48 CST] RETRY 2/3: /docs/zh-CN/margin_trading/market-data
[2026年 02月 03日 星期二 15:06:50 CST] UPDATED: /docs/zh-CN/margin_trading/market-data/Cross-margin-collateral-ratio (0 -> 29365 bytes)
[2026年 02月 03日 星期二 15:06:51 CST] UNCHANGED: /docs/zh-CN/margin_trading/market-data/Get-All-Cross-Margin-Pairs
[2026年 02月 03日 星期二 15:06:52 CST] UNCHANGED: /docs/zh-CN/margin_trading/market-data/Get-All-Isolated-Margin-Symbol
[2026年 02月 03日 星期二 15:06:52 CST] UNCHANGED: /docs/zh-CN/margin_trading/market-data/Get-All-Margin-Assets
[2026年 02月 03日 星期二 15:06:53 CST] UNCHANGED: /docs/zh-CN/margin_trading/market-data/Get-Delist-Schedule
[2026年 02月 03日 星期二 15:06:53 CST] UNCHANGED: /docs/zh-CN/margin_trading/market-data/Get-Limit-Price-Pairs
[2026年 02月 03日 星期二 15:06:53 CST] UNCHANGED: /docs/zh-CN/margin_trading/market-data/Get-List-Schedule
[2026年 02月 03日 星期二 15:06:54 CST] UNCHANGED: /docs/zh-CN/margin_trading/market-data/Get-Margin-Asset-Risk-Based-Liquidation-Ratio
[2026年 02月 03日 星期二 15:06:54 CST] UNCHANGED: /docs/zh-CN/margin_trading/market-data/Query-Isolated-Margin-Tier-Data
[2026年 02月 03日 星期二 15:06:55 CST] UNCHANGED: /docs/zh-CN/margin_trading/market-data/Query-Liability-Coin-Leverage-Bracket-in-Cross-Margin-Pro-Mode
[2026年 02月 03日 星期二 15:06:55 CST] UNCHANGED: /docs/zh-CN/margin_trading/market-data/Query-margin-avaliable-inventory
[2026年 02月 03日 星期二 15:06:55 CST] UNCHANGED: /docs/zh-CN/margin_trading/market-data/Query-Margin-PriceIndex
[2026年 02月 03日 星期二 15:06:56 CST] RETRY 1/3: /docs/zh-CN/margin_trading/risk-data-stream
[2026年 02月 03日 星期二 15:06:58 CST] RETRY 2/3: /docs/zh-CN/margin_trading/risk-data-stream
[2026年 02月 03日 星期二 15:07:00 CST] UNCHANGED: /docs/zh-CN/margin_trading/risk-data-stream/Close-User-Data-Stream
[2026年 02月 03日 星期二 15:07:01 CST] UPDATED: /docs/zh-CN/margin_trading/risk-data-stream/Connect (0 -> 16101 bytes)
[2026年 02月 03日 星期二 15:07:01 CST] UNCHANGED: /docs/zh-CN/margin_trading/risk-data-stream/Event-Liability-Update
[2026年 02月 03日 星期二 15:07:01 CST] UNCHANGED: /docs/zh-CN/margin_trading/risk-data-stream/Event-Margin-Call
[2026年 02月 03日 星期二 15:07:02 CST] UNCHANGED: /docs/zh-CN/margin_trading/risk-data-stream/Keepalive-User-Data-Stream
[2026年 02月 03日 星期二 15:07:02 CST] UNCHANGED: /docs/zh-CN/margin_trading/risk-data-stream/Start-User-Data-Stream
[2026年 02月 03日 星期二 15:07:03 CST] RETRY 1/3: /docs/zh-CN/margin_trading/trade
[2026年 02月 03日 星期二 15:07:05 CST] RETRY 2/3: /docs/zh-CN/margin_trading/trade
[2026年 02月 03日 星期二 15:07:08 CST] UNCHANGED: /docs/zh-CN/margin_trading/trade/Create-Special-Key-of-Low-Latency-Trading
[2026年 02月 03日 星期二 15:07:09 CST] RETRY 1/3: /docs/zh-CN/margin_trading/trade-data-stream
[2026年 02月 03日 星期二 15:07:11 CST] RETRY 2/3: /docs/zh-CN/margin_trading/trade-data-stream
[2026年 02月 03日 星期二 15:07:14 CST] UNCHANGED: /docs/zh-CN/margin_trading/trade-data-stream/Event-Account-Update
[2026年 02月 03日 星期二 15:07:14 CST] UNCHANGED: /docs/zh-CN/margin_trading/trade-data-stream/Event-Balance-Update
[2026年 02月 03日 星期二 15:07:15 CST] UNCHANGED: /docs/zh-CN/margin_trading/trade-data-stream/Event-Order-Update
[2026年 02月 03日 星期二 15:07:15 CST] UPDATED: /docs/zh-CN/margin_trading/trade-data-stream/Listen-Token-Websocket-API (0 -> 31313 bytes)
[2026年 02月 03日 星期二 15:07:16 CST] UNCHANGED: /docs/zh-CN/margin_trading/trade/Delete-Special-Key-of-Low-Latency-Trading
[2026年 02月 03日 星期二 15:07:16 CST] UNCHANGED: /docs/zh-CN/margin_trading/trade/Edit-ip-for-Special-Key-of-Low-Latency-Trading
[2026年 02月 03日 星期二 15:07:17 CST] UPDATED: /docs/zh-CN/margin_trading/trade/Get-Force-Liquidation-Record (0 -> 25588 bytes)
[2026年 02月 03日 星期二 15:07:17 CST] UNCHANGED: /docs/zh-CN/margin_trading/trade/Get-Small-Liability-Exchange-Coin-List
[2026年 02月 03日 星期二 15:07:18 CST] UNCHANGED: /docs/zh-CN/margin_trading/trade/Get-Small-Liability-Exchange-History
[2026年 02月 03日 星期二 15:07:19 CST] UNCHANGED: /docs/zh-CN/margin_trading/trade/Margin-Account-Cancel-All-Open-Orders
[2026年 02月 03日 星期二 15:07:19 CST] UNCHANGED: /docs/zh-CN/margin_trading/trade/Margin-Account-Cancel-OCO
[2026年 02月 03日 星期二 15:07:19 CST] UNCHANGED: /docs/zh-CN/margin_trading/trade/Margin-Account-Cancel-Order
[2026年 02月 03日 星期二 15:07:20 CST] UNCHANGED: /docs/zh-CN/margin_trading/trade/Margin-Account-New-OCO
[2026年 02月 03日 星期二 15:07:20 CST] UNCHANGED: /docs/zh-CN/margin_trading/trade/Margin-Account-New-Order
[2026年 02月 03日 星期二 15:07:21 CST] UNCHANGED: /docs/zh-CN/margin_trading/trade/Margin-Account-New-OTO
[2026年 02月 03日 星期二 15:07:21 CST] UNCHANGED: /docs/zh-CN/margin_trading/trade/Margin-Account-New-OTOCO
[2026年 02月 03日 星期二 15:07:22 CST] UNCHANGED: /docs/zh-CN/margin_trading/trade/Margin-Manual-Liquidation
[2026年 02月 03日 星期二 15:07:22 CST] UNCHANGED: /docs/zh-CN/margin_trading/trade/Query-Current-Margin-Order-Count-Usage
[2026年 02月 03日 星期二 15:07:22 CST] UNCHANGED: /docs/zh-CN/margin_trading/trade/Query-Margin-Account-All-OCO
[2026年 02月 03日 星期二 15:07:23 CST] UNCHANGED: /docs/zh-CN/margin_trading/trade/Query-Margin-Account-All-Orders
[2026年 02月 03日 星期二 15:07:24 CST] UNCHANGED: /docs/zh-CN/margin_trading/trade/Query-Margin-Account-OCO
[2026年 02月 03日 星期二 15:07:24 CST] UNCHANGED: /docs/zh-CN/margin_trading/trade/Query-Margin-Account-Open-OCO
[2026年 02月 03日 星期二 15:07:25 CST] UNCHANGED: /docs/zh-CN/margin_trading/trade/Query-Margin-Account-Open-Orders
[2026年 02月 03日 星期二 15:07:26 CST] UNCHANGED: /docs/zh-CN/margin_trading/trade/Query-Margin-Account-Order
[2026年 02月 03日 星期二 15:07:26 CST] UNCHANGED: /docs/zh-CN/margin_trading/trade/Query-Margin-Account-Trade-List
[2026年 02月 03日 星期二 15:07:56 CST] RETRY 1/3: /docs/zh-CN/margin_trading/trade/Query-Special-Key-List-of-Low-Latency-Trading
[2026年 02月 03日 星期二 15:07:59 CST] UNCHANGED: /docs/zh-CN/margin_trading/trade/Query-Special-Key-List-of-Low-Latency-Trading
[2026年 02月 03日 星期二 15:07:59 CST] UNCHANGED: /docs/zh-CN/margin_trading/trade/Query-Special-Key-of-Low-Latency-Trading
[2026年 02月 03日 星期二 15:08:29 CST] RETRY 1/3: /docs/zh-CN/margin_trading/trade/Small-Liability-Exchange
[2026年 02月 03日 星期二 15:08:32 CST] UNCHANGED: /docs/zh-CN/margin_trading/trade/Small-Liability-Exchange
[2026年 02月 03日 星期二 15:08:32 CST] RETRY 1/3: /docs/zh-CN/margin_trading/transfer
[2026年 02月 03日 星期二 15:08:34 CST] RETRY 2/3: /docs/zh-CN/margin_trading/transfer
[2026年 02月 03日 星期二 15:08:37 CST] UPDATED: /docs/zh-CN/margin_trading/transfer/Get-Cross-Margin-Transfer-History (0 -> 35159 bytes)
[2026年 02月 03日 星期二 15:08:38 CST] UNCHANGED: /docs/zh-CN/margin_trading/transfer/Query-Max-Transfer-Out-Amount
=== 下载日志 - 2026年 02月 03日 星期二 15:10:29 CST ===
[2026年 02月 03日 星期二 15:10:30 CST] RETRY 1/3: /docs/zh-CN/margin_trading/account
[2026年 02月 03日 星期二 15:10:32 CST] RETRY 2/3: /docs/zh-CN/margin_trading/account
[2026年 02月 03日 星期二 15:11:05 CST] UNCHANGED: /docs/zh-CN/margin_trading/account/Adjust-Cross-Margin-Max-Leverage
[2026年 02月 03日 星期二 15:11:05 CST] UNCHANGED: /docs/zh-CN/margin_trading/account/Disable-Isolated-Margin-Account
[2026年 02月 03日 星期二 15:11:06 CST] UNCHANGED: /docs/zh-CN/margin_trading/account/Enable-Isolated-Margin-Account
[2026年 02月 03日 星期二 15:11:06 CST] UNCHANGED: /docs/zh-CN/margin_trading/account/Get-BNB-Burn-Status
[2026年 02月 03日 星期二 15:11:07 CST] UNCHANGED: /docs/zh-CN/margin_trading/account/Get-Summary-Of-Margin-Account
[2026年 02月 03日 星期二 15:11:07 CST] UNCHANGED: /docs/zh-CN/margin_trading/account/Query-Cross-Isolated-Margin-Capital-Flow
[2026年 02月 03日 星期二 15:11:08 CST] UNCHANGED: /docs/zh-CN/margin_trading/account/Query-Cross-Margin-Account-Details
[2026年 02月 03日 星期二 15:11:09 CST] UNCHANGED: /docs/zh-CN/margin_trading/account/Query-Cross-Margin-Fee-Data
[2026年 02月 03日 星期二 15:11:09 CST] UNCHANGED: /docs/zh-CN/margin_trading/account/Query-Enabled-Isolated-Margin-Account-Limit
[2026年 02月 03日 星期二 15:11:09 CST] UNCHANGED: /docs/zh-CN/margin_trading/account/Query-Isolated-Margin-Account-Info
[2026年 02月 03日 星期二 15:11:10 CST] UNCHANGED: /docs/zh-CN/margin_trading/account/Query-Isolated-Margin-Fee-Data
[2026年 02月 03日 星期二 15:11:40 CST] RETRY 1/3: /docs/zh-CN/margin_trading/best-practice
[2026年 02月 03日 星期二 15:11:43 CST] UNCHANGED: /docs/zh-CN/margin_trading/best-practice
[2026年 02月 03日 星期二 15:11:44 CST] RETRY 1/3: /docs/zh-CN/margin_trading/borrow-and-repay
[2026年 02月 03日 星期二 15:11:46 CST] RETRY 2/3: /docs/zh-CN/margin_trading/borrow-and-repay
[2026年 02月 03日 星期二 15:11:49 CST] UNCHANGED: /docs/zh-CN/margin_trading/borrow-and-repay/Get-a-future-hourly-interest-rate
[2026年 02月 03日 星期二 15:11:50 CST] UNCHANGED: /docs/zh-CN/margin_trading/borrow-and-repay/Get-Interest-History
[2026年 02月 03日 星期二 15:11:50 CST] UNCHANGED: /docs/zh-CN/margin_trading/borrow-and-repay/Margin-Account-Borrow-Repay
[2026年 02月 03日 星期二 15:11:51 CST] UNCHANGED: /docs/zh-CN/margin_trading/borrow-and-repay/Query-Borrow-Repay
[2026年 02月 03日 星期二 15:11:52 CST] UNCHANGED: /docs/zh-CN/margin_trading/borrow-and-repay/Query-Margin-Interest-Rate-History
[2026年 02月 03日 星期二 15:11:52 CST] UNCHANGED: /docs/zh-CN/margin_trading/borrow-and-repay/Query-Max-Borrow
[2026年 02月 03日 星期二 15:11:54 CST] UNCHANGED: /docs/zh-CN/margin_trading/change-log
[2026年 02月 03日 星期二 15:11:55 CST] UNCHANGED: /docs/zh-CN/margin_trading/common-definition
[2026年 02月 03日 星期二 15:11:57 CST] UNCHANGED: /docs/zh-CN/margin_trading/error-code
[2026年 02月 03日 星期二 15:11:58 CST] UNCHANGED: /docs/zh-CN/margin_trading/general-info
[2026年 02月 03日 星期二 15:11:59 CST] UNCHANGED: /docs/zh-CN/margin_trading/Introduction
[2026年 02月 03日 星期二 15:12:00 CST] RETRY 1/3: /docs/zh-CN/margin_trading/market-data
[2026年 02月 03日 星期二 15:12:03 CST] RETRY 2/3: /docs/zh-CN/margin_trading/market-data
[2026年 02月 03日 星期二 15:12:06 CST] UNCHANGED: /docs/zh-CN/margin_trading/market-data/Cross-margin-collateral-ratio
[2026年 02月 03日 星期二 15:12:07 CST] UNCHANGED: /docs/zh-CN/margin_trading/market-data/Get-All-Cross-Margin-Pairs
[2026年 02月 03日 星期二 15:12:09 CST] UNCHANGED: /docs/zh-CN/margin_trading/market-data/Get-All-Isolated-Margin-Symbol
[2026年 02月 03日 星期二 15:12:10 CST] UNCHANGED: /docs/zh-CN/margin_trading/market-data/Get-All-Margin-Assets
[2026年 02月 03日 星期二 15:12:11 CST] UNCHANGED: /docs/zh-CN/margin_trading/market-data/Get-Delist-Schedule
[2026年 02月 03日 星期二 15:12:12 CST] UNCHANGED: /docs/zh-CN/margin_trading/market-data/Get-Limit-Price-Pairs
[2026年 02月 03日 星期二 15:12:12 CST] UNCHANGED: /docs/zh-CN/margin_trading/market-data/Get-List-Schedule
[2026年 02月 03日 星期二 15:12:13 CST] UNCHANGED: /docs/zh-CN/margin_trading/market-data/Get-Margin-Asset-Risk-Based-Liquidation-Ratio
[2026年 02月 03日 星期二 15:12:13 CST] UNCHANGED: /docs/zh-CN/margin_trading/market-data/Query-Isolated-Margin-Tier-Data
[2026年 02月 03日 星期二 15:12:14 CST] UNCHANGED: /docs/zh-CN/margin_trading/market-data/Query-Liability-Coin-Leverage-Bracket-in-Cross-Margin-Pro-Mode
[2026年 02月 03日 星期二 15:12:14 CST] UNCHANGED: /docs/zh-CN/margin_trading/market-data/Query-margin-avaliable-inventory
[2026年 02月 03日 星期二 15:12:45 CST] RETRY 1/3: /docs/zh-CN/margin_trading/market-data/Query-Margin-PriceIndex
[2026年 02月 03日 星期二 15:12:47 CST] UNCHANGED: /docs/zh-CN/margin_trading/market-data/Query-Margin-PriceIndex
[2026年 02月 03日 星期二 15:12:48 CST] RETRY 1/3: /docs/zh-CN/margin_trading/risk-data-stream
[2026年 02月 03日 星期二 15:12:50 CST] RETRY 2/3: /docs/zh-CN/margin_trading/risk-data-stream
[2026年 02月 03日 星期二 15:12:52 CST] UNCHANGED: /docs/zh-CN/margin_trading/risk-data-stream/Close-User-Data-Stream
[2026年 02月 03日 星期二 15:12:53 CST] UNCHANGED: /docs/zh-CN/margin_trading/risk-data-stream/Connect
[2026年 02月 03日 星期二 15:12:53 CST] UNCHANGED: /docs/zh-CN/margin_trading/risk-data-stream/Event-Liability-Update
[2026年 02月 03日 星期二 15:12:54 CST] UNCHANGED: /docs/zh-CN/margin_trading/risk-data-stream/Event-Margin-Call
[2026年 02月 03日 星期二 15:12:54 CST] UNCHANGED: /docs/zh-CN/margin_trading/risk-data-stream/Keepalive-User-Data-Stream
[2026年 02月 03日 星期二 15:12:55 CST] UNCHANGED: /docs/zh-CN/margin_trading/risk-data-stream/Start-User-Data-Stream
[2026年 02月 03日 星期二 15:12:55 CST] RETRY 1/3: /docs/zh-CN/margin_trading/trade
[2026年 02月 03日 星期二 15:12:58 CST] RETRY 2/3: /docs/zh-CN/margin_trading/trade
[2026年 02月 03日 星期二 15:13:00 CST] UNCHANGED: /docs/zh-CN/margin_trading/trade/Create-Special-Key-of-Low-Latency-Trading
[2026年 02月 03日 星期二 15:13:01 CST] RETRY 1/3: /docs/zh-CN/margin_trading/trade-data-stream
[2026年 02月 03日 星期二 15:13:03 CST] RETRY 2/3: /docs/zh-CN/margin_trading/trade-data-stream
[2026年 02月 03日 星期二 15:13:06 CST] UNCHANGED: /docs/zh-CN/margin_trading/trade-data-stream/Event-Account-Update
[2026年 02月 03日 星期二 15:13:06 CST] UNCHANGED: /docs/zh-CN/margin_trading/trade-data-stream/Event-Balance-Update
[2026年 02月 03日 星期二 15:13:07 CST] UNCHANGED: /docs/zh-CN/margin_trading/trade-data-stream/Event-Order-Update
[2026年 02月 03日 星期二 15:13:08 CST] UNCHANGED: /docs/zh-CN/margin_trading/trade-data-stream/Listen-Token-Websocket-API
[2026年 02月 03日 星期二 15:13:08 CST] UNCHANGED: /docs/zh-CN/margin_trading/trade/Delete-Special-Key-of-Low-Latency-Trading
[2026年 02月 03日 星期二 15:13:09 CST] UNCHANGED: /docs/zh-CN/margin_trading/trade/Edit-ip-for-Special-Key-of-Low-Latency-Trading
[2026年 02月 03日 星期二 15:13:09 CST] UNCHANGED: /docs/zh-CN/margin_trading/trade/Get-Force-Liquidation-Record
[2026年 02月 03日 星期二 15:13:10 CST] UNCHANGED: /docs/zh-CN/margin_trading/trade/Get-Small-Liability-Exchange-Coin-List
[2026年 02月 03日 星期二 15:13:10 CST] UNCHANGED: /docs/zh-CN/margin_trading/trade/Get-Small-Liability-Exchange-History
[2026年 02月 03日 星期二 15:13:11 CST] UNCHANGED: /docs/zh-CN/margin_trading/trade/Margin-Account-Cancel-All-Open-Orders
[2026年 02月 03日 星期二 15:13:11 CST] UNCHANGED: /docs/zh-CN/margin_trading/trade/Margin-Account-Cancel-OCO
[2026年 02月 03日 星期二 15:13:12 CST] UNCHANGED: /docs/zh-CN/margin_trading/trade/Margin-Account-Cancel-Order
[2026年 02月 03日 星期二 15:13:12 CST] UNCHANGED: /docs/zh-CN/margin_trading/trade/Margin-Account-New-OCO
[2026年 02月 03日 星期二 15:13:13 CST] UNCHANGED: /docs/zh-CN/margin_trading/trade/Margin-Account-New-Order
[2026年 02月 03日 星期二 15:13:13 CST] UNCHANGED: /docs/zh-CN/margin_trading/trade/Margin-Account-New-OTO
[2026年 02月 03日 星期二 15:13:14 CST] UNCHANGED: /docs/zh-CN/margin_trading/trade/Margin-Account-New-OTOCO
[2026年 02月 03日 星期二 15:13:14 CST] UNCHANGED: /docs/zh-CN/margin_trading/trade/Margin-Manual-Liquidation
[2026年 02月 03日 星期二 15:13:15 CST] UNCHANGED: /docs/zh-CN/margin_trading/trade/Query-Current-Margin-Order-Count-Usage
[2026年 02月 03日 星期二 15:13:15 CST] UNCHANGED: /docs/zh-CN/margin_trading/trade/Query-Margin-Account-All-OCO
[2026年 02月 03日 星期二 15:13:16 CST] UNCHANGED: /docs/zh-CN/margin_trading/trade/Query-Margin-Account-All-Orders
[2026年 02月 03日 星期二 15:13:16 CST] UNCHANGED: /docs/zh-CN/margin_trading/trade/Query-Margin-Account-OCO
[2026年 02月 03日 星期二 15:13:17 CST] UNCHANGED: /docs/zh-CN/margin_trading/trade/Query-Margin-Account-Open-OCO
[2026年 02月 03日 星期二 15:13:18 CST] UNCHANGED: /docs/zh-CN/margin_trading/trade/Query-Margin-Account-Open-Orders
[2026年 02月 03日 星期二 15:13:18 CST] UNCHANGED: /docs/zh-CN/margin_trading/trade/Query-Margin-Account-Order
[2026年 02月 03日 星期二 15:13:19 CST] UNCHANGED: /docs/zh-CN/margin_trading/trade/Query-Margin-Account-Trade-List
[2026年 02月 03日 星期二 15:13:49 CST] RETRY 1/3: /docs/zh-CN/margin_trading/trade/Query-Special-Key-List-of-Low-Latency-Trading
[2026年 02月 03日 星期二 15:13:51 CST] UNCHANGED: /docs/zh-CN/margin_trading/trade/Query-Special-Key-List-of-Low-Latency-Trading
[2026年 02月 03日 星期二 15:13:52 CST] UNCHANGED: /docs/zh-CN/margin_trading/trade/Query-Special-Key-of-Low-Latency-Trading
[2026年 02月 03日 星期二 15:13:52 CST] UNCHANGED: /docs/zh-CN/margin_trading/trade/Small-Liability-Exchange
[2026年 02月 03日 星期二 15:13:53 CST] RETRY 1/3: /docs/zh-CN/margin_trading/transfer
[2026年 02月 03日 星期二 15:13:55 CST] RETRY 2/3: /docs/zh-CN/margin_trading/transfer
[2026年 02月 03日 星期二 15:13:58 CST] UNCHANGED: /docs/zh-CN/margin_trading/transfer/Get-Cross-Margin-Transfer-History
[2026年 02月 03日 星期二 15:13:58 CST] UNCHANGED: /docs/zh-CN/margin_trading/transfer/Query-Max-Transfer-Out-Amount
